PPT Master - SVG to native DrawingML PPTX Tool
==================================================
  Project path: /datadisk/project/ResearchStudio/benchmarks/paper2poster/runs/082_data_efficient_large_vision_models_through_seque/082_data_efficient_large_vision_models_through_seque/assets/slides/deck_ppt169_20260715
  SVG directory: svg_output
  Output file: /datadisk/project/ResearchStudio/benchmarks/paper2poster/runs/082_data_efficient_large_vision_models_through_seque/082_data_efficient_large_vision_models_through_seque/assets/slides/deck_ppt169_20260715/exports/deck_20260715_040055.pptx

  Detected canvas format: PPT 16:9
  Slide dimensions: 1280 x 720 px
  SVG file count: 8
  Mode: Native DrawingML shapes (directly editable)
  Native table/chart objects: Disabled
  PPTX structure: flat
  Image optimization: Enabled (cap max 2560 px, JPEG q85)
  Transition effect: Fade
  Speaker notes: 8 page(s)

  Converted 9 elements, skipped 0
  [1/8] 01_title.svg (Native) +notes
  Converted 6 elements, skipped 0, promoted 1 background
  [2/8] 02_problem.svg (Native) +notes
  Converted 6 elements, skipped 0, promoted 1 background
  [3/8] 03_motivation.svg (Native) +notes
  Converted 6 elements, skipped 0, promoted 1 background
  [4/8] 04_contribution.svg (Native) +notes
  Converted 6 elements, skipped 0, promoted 1 background
  [5/8] 05_dataset_benchmark.svg (Native) +notes
  Converted 6 elements, skipped 0, promoted 1 background
  [6/8] 06_key_result.svg (Native) +notes
  Converted 6 elements, skipped 0, promoted 1 background
  [7/8] 07_ablation_study.svg (Native) +notes
  Converted 7 elements, skipped 0
  [8/8] 08_takeaway.svg (Native) +notes
  Flat structure: project-owned Master + Blank Layout (10 stock layout(s), 2 stock content shape(s) removed, 6 system footer hook(s) retained)
  Flat theme: 2 theme part(s), 1 master text style(s)

[Done] Saved: /datadisk/project/ResearchStudio/benchmarks/paper2poster/runs/082_data_efficient_large_vision_models_through_seque/082_data_efficient_large_vision_models_through_seque/assets/slides/deck_ppt169_20260715/exports/deck_20260715_040055.pptx
  Slides: 8; Layout definitions: 0
  svg_output backup: /datadisk/project/ResearchStudio/benchmarks/paper2poster/runs/082_data_efficient_large_vision_models_through_seque/082_data_efficient_large_vision_models_through_seque/assets/slides/deck_ppt169_20260715/backup/20260715_040055/svg_output
