[render_video] Stage A: PPTX → PDF → PNG  (DPI=150, 1920x1080)
[render_video]   10 frame(s) under /datadisk/project/ResearchStudio/benchmarks/paper2poster/runs/068_vectormapnet_end_to_end_vectorized_hd_map_learni/068_vectormapnet_end_to_end_vectorized_hd_map_learni/assets/slides/frames
[render_video] Stage B: pair frames with /datadisk/project/ResearchStudio/benchmarks/paper2poster/runs/068_vectormapnet_end_to_end_vectorized_hd_map_learni/068_vectormapnet_end_to_end_vectorized_hd_map_learni/assets/audio/*.mp3
[render_video]   audio order from /datadisk/project/ResearchStudio/benchmarks/paper2poster/runs/068_vectormapnet_end_to_end_vectorized_hd_map_learni/068_vectormapnet_end_to_end_vectorized_hd_map_learni/assets/audio/script.json
[render_video]   10 slide(s), audio total 225.6s
[render_video]   visual cues from /datadisk/project/ResearchStudio/benchmarks/paper2poster/runs/068_vectormapnet_end_to_end_vectorized_hd_map_learni/068_vectormapnet_end_to_end_vectorized_hd_map_learni/assets/meta/visual_cues.json: 30 cue(s) enabled
[render_video] Stage C: encode 10 segment(s) and concat
[render_video] ffmpeg failed on slide 4:
ffmpeg version 7.0.2-static https://johnvansickle.com/ffmpeg/  Copyright (c) 2000-2024 the FFmpeg developers
  built with gcc 8 (Debian 8.3.0-6)
  configuration: --enable-gpl --enable-version3 --enable-static --disable-debug --disable-ffplay --disable-indev=sndio --disable-outdev=sndio --cc=gcc --enable-fontconfig --enable-frei0r --enable-gnutls --enable-gmp --enable-libgme --enable-gray --enable-libaom --enable-libfribidi --enable-libass --enable-libvmaf --enable-libfreetype --enable-libmp3lame --enable-libopencore-amrnb --enable-libopencore-amrwb --enable-libopenjpeg --enable-librubberband --enable-libsoxr --enable-libspeex --enable-libsrt --enable-libvorbis --enable-libopus --enable-libtheora --enable-libvidstab --enable-libvo-amrwbenc --enable-libvpx --enable-libwebp --enable-libx264 --enable-libx265 --enable-libxml2 --enable-libdav1d --enable-libxvid --enable-libzvbi --enable-libzimg
  libavutil      59.  8.100 / 59.  8.100
  libavcodec     61.  3.100 / 61.  3.100
  libavformat    61.  1.100 / 61.  1.100
  libavdevice    61.  1.100 / 61.  1.100
  libavfilter    10.  1.100 / 10.  1.100
  libswscale      8.  1.100 /  8.  1.100
  libswresample   5.  1.100 /  5.  1.100
  libpostproc    58.  1.100 / 58.  1.100
Input #0, png_pipe, from '/datadisk/project/ResearchStudio/benchmarks/paper2poster/runs/068_vectormapnet_end_to_end_vectorized_hd_map_learni/068_vectormapnet_end_to_end_vectorized_hd_map_learni/assets/slides/frames/slide-04.png':
  Duration: N/A, bitrate: N/A
  Stream #0:0: Video: png, rgb24(pc, gbr/unknown/unknown), 2001x1125 [SAR 5905:5905 DAR 667:375], 30 fps, 30 tbr, 30 tbn
[mp3 @ 0x2a72d740] Estimating duration from bitrate, this may be inaccurate
Input #1, mp3, from '/datadisk/project/ResearchStudio/benchmarks/paper2poster/runs/068_vectormapnet_end_to_end_vectorized_hd_map_learni/068_vectormapnet_end_to_end_vectorized_hd_map_learni/assets/audio/contribution.mp3':
  Duration: 00:00:24.62, start: 0.000000, bitrate: 48 kb/s
  Stream #1:0: Audio: mp3 (mp3float), 24000 Hz, mono, fltp, 48 kb/s
Input #2, png_pipe, from '/tmp/paper2video_attention_o69eqv3n/spotlight_00.png':
  Duration: N/A, bitrate: N/A
  Stream #2:0: Video: png, rgba(pc, gbr/unknown/unknown), 1920x1080, 30 fps, 30 tbr, 30 tbn
Input #3, png_pipe, from '/tmp/paper2video_attention_o69eqv3n/spotlight_01.png':
  Duration: N/A, bitrate: N/A
  Stream #3:0: Video: png, rgba(pc, gbr/unknown/unknown), 1920x1080, 30 fps, 30 tbr, 30 tbn
Input #4, png_pipe, from '/tmp/paper2video_attention_o69eqv3n/spotlight_02.png':
  Duration: N/A, bitrate: N/A
  Stream #4:0: Video: png, rgba(pc, gbr/unknown/unknown), 1920x1080, 30 fps, 30 tbr, 30 tbn
Input #5, png_pipe, from '/tmp/paper2video_attention_o69eqv3n/spotlight_03.png':
  Duration: N/A, bitrate: N/A
  Stream #5:0: Video: png, rgba(pc, gbr/unknown/unknown), 1920x1080, 30 fps, 30 tbr, 30 tbn
Input #6, png_pipe, from '/tmp/paper2video_attention_o69eqv3n/laser.png':
  Duration: N/A, bitrate: N/A
  Stream #6:0: Video: png, rgba(pc, gbr/unknown/unknown), 32x32, 30 fps, 30 tbr, 30 tbn
[out#0/mp4 @ 0x2a8cf540] Error opening output /datadisk/project/ResearchStudio/benchmarks/paper2poster/runs/068_vectormapnet_end_to_end_vectorized_hd_map_learni/068_vectormapnet_end_to_end_vectorized_hd_map_learni/.video_work/segments/seg_0004.mp4: No such file or directory
Error opening output file /datadisk/project/ResearchStudio/benchmarks/paper2poster/runs/068_vectormapnet_end_to_end_vectorized_hd_map_learni/068_vectormapnet_end_to_end_vectorized_hd_map_learni/.video_work/segments/seg_0004.mp4.
Error opening output files: No such file or directory

